torch 2.10.0+cu128  NVIDIA GeForce RTX 2070  7.61 GiB
setup and warm-up are OUTSIDE the timed region

--- baseline: the repository's own HH.forward, eager Python loop ---
     sets   us per step  s per set-unit      sets/s   peak GiB
       64       1025.68          30.770         2.1       0.00
     1024       1032.44          30.973        33.1       0.00
     4096       1018.54          30.556       134.0       0.01
    16384       1012.84          30.385       539.2       0.04
    65536       4112.87         123.386       531.1       0.15
   262144      16095.22         482.857       542.9       0.60
  1048576      64043.65        1921.309       545.8       2.32

--- CUDA graph capture, 25 integration steps per replay ---
     sets   us per step  s per set-unit      sets/s   peak GiB
       64         88.09           2.643        24.2       0.00
     1024        109.63           3.289       311.3       0.00
     4096        175.12           5.254       779.6       0.02
    16384        697.92          20.938       782.5       0.07
    65536       3891.73         116.752       561.3       0.26
   262144      15338.97         460.169       569.7       1.05
  1048576      61136.29        1834.089       571.7       4.10

--- torch.compile (Inductor), 25 integration steps per call ---
     sets   us per step  s per set-unit      sets/s   peak GiB
       64          7.05           0.212       302.5       0.00
     1024          6.96           0.209      4905.1       0.00
     4096          6.96           0.209     19610.9       0.01
    16384         18.04           0.541     30266.5       0.04
    65536         63.96           1.919     34156.6       0.16
   262144        254.91           7.647     34279.4       0.67
  1048576       1020.17          30.605     34261.3       2.60

DONE
