torch 2.10.0+cu128  NVIDIA GeForce RTX 2070  7.61 GiB
setup and warm-up are OUTSIDE the timed region

--- baseline: the repository's own HH.forward, eager Python loop ---
     sets   us per step  s per set-unit      sets/s   peak GiB
       64       1022.31          30.669         2.1       0.00
     1024       1013.68          30.410        33.7       0.00
     4096       1016.98          30.509       134.3       0.01
    16384       1016.25          30.487       537.4       0.04
    65536       4109.87         123.296       531.5       0.15
   262144      16095.17         482.855       542.9       0.60
  1048576      64040.71        1921.221       545.8       2.32

--- CUDA graph capture, 25 integration steps per replay ---
     sets   us per step  s per set-unit      sets/s   peak GiB
       64         88.09           2.643        24.2       0.00
     1024        109.49           3.285       311.7       0.00
     4096        175.12           5.254       779.7       0.02
    16384        697.82          20.935       782.6       0.07
    65536       3891.56         116.747       561.4       0.26
   262144      15338.31         460.149       569.7       1.05
  1048576      61135.58        1834.067       571.7       4.10

--- torch.compile (Inductor), 25 integration steps per call ---
     sets   us per step  s per set-unit      sets/s   peak GiB
       64          6.95           0.209       306.8       0.00
     1024          6.81           0.204      5010.6       0.00
     4096          6.96           0.209     19622.5       0.01
    16384         16.56           0.497     32974.4       0.04
    65536         64.01           1.920     34126.3       0.16
   262144        254.93           7.648     34276.1       0.67
  1048576       1020.49          30.615     34250.7       2.60

DONE
