torch 2.10.0+cu128  NVIDIA GeForce RTX 2070  7.61 GiB
setup and warm-up are OUTSIDE the timed region

--- baseline: the repository's own HH.forward, eager Python loop ---
     sets   us per step  s per set-unit      sets/s   peak GiB
       64       1016.49          30.495         2.1       0.00
     1024       1012.78          30.383        33.7       0.00
     4096       1013.85          30.416       134.7       0.01
    16384       1001.02          30.031       545.6       0.04
    65536       4111.03         123.331       531.4       0.15
   262144      16094.46         482.834       542.9       0.60
  1048576      64042.63        1921.279       545.8       2.32

--- CUDA graph capture, 25 integration steps per replay ---
     sets   us per step  s per set-unit      sets/s   peak GiB
       64         88.12           2.644        24.2       0.00
     1024        109.57           3.287       311.5       0.00
     4096        175.23           5.257       779.2       0.02
    16384        697.91          20.937       782.5       0.07
    65536       3891.77         116.753       561.3       0.26
   262144      15338.16         460.145       569.7       1.05
  1048576      61133.46        1834.004       571.7       4.10

--- torch.compile (Inductor), 25 integration steps per call ---
     sets   us per step  s per set-unit      sets/s   peak GiB
       64          7.04           0.211       303.2       0.00
     1024          6.82           0.205      5004.1       0.00
     4096          7.15           0.214     19106.4       0.01
    16384         18.13           0.544     30121.0       0.04
    65536         64.10           1.923     34080.6       0.16
   262144        254.84           7.645     34288.2       0.67
  1048576       1021.03          30.631     34232.8       2.60

DONE
