torch 2.10.0+cu128  NVIDIA GeForce RTX 2070  7.61 GiB
setup and warm-up are OUTSIDE the timed region

--- baseline: the repository's own HH.forward, eager Python loop ---
     sets   us per step  s per set-unit      sets/s   peak GiB
       64       1027.67          30.830         2.1       0.00
     1024       1027.73          30.832        33.2       0.00
     4096       1026.64          30.799       133.0       0.01
    16384       1028.21          30.846       531.1       0.04
    65536       4108.71         123.261       531.7       0.15
   262144      16093.39         482.802       543.0       0.60
  1048576      64040.33        1921.210       545.8       2.32

--- CUDA graph capture, 25 integration steps per replay ---
     sets   us per step  s per set-unit      sets/s   peak GiB
       64         88.11           2.643        24.2       0.00
     1024        109.65           3.289       311.3       0.00
     4096        175.06           5.252       779.9       0.02
    16384        697.75          20.932       782.7       0.07
    65536       3891.73         116.752       561.3       0.26
   262144      15338.75         460.162       569.7       1.05
  1048576      61136.37        1834.091       571.7       4.10

--- torch.compile (Inductor), 25 integration steps per call ---
     sets   us per step  s per set-unit      sets/s   peak GiB
       64          6.99           0.210       305.3       0.00
     1024          6.85           0.206      4982.7       0.00
     4096          7.01           0.210     19478.6       0.01
    16384         18.15           0.545     30085.7       0.04
    65536         64.08           1.922     34092.1       0.16
   262144        254.88           7.646     34283.3       0.67
  1048576       1021.05          30.631     34232.1       2.60

DONE
