torch 2.10.0+cu128  NVIDIA GeForce RTX 2070  7.61 GiB
setup and warm-up are OUTSIDE the timed region

--- baseline: the repository's own HH.forward, eager Python loop ---
     sets   us per step  s per set-unit      sets/s   peak GiB
       64        998.25          29.947         2.1       0.00
     1024       1004.31          30.129        34.0       0.00
     4096        994.44          29.833       137.3       0.01
    16384        992.66          29.780       550.2       0.04
    65536       4111.25         123.337       531.4       0.15
   262144      16097.34         482.920       542.8       0.60
  1048576      64042.52        1921.276       545.8       2.32

--- CUDA graph capture, 25 integration steps per replay ---
     sets   us per step  s per set-unit      sets/s   peak GiB
       64         88.12           2.644        24.2       0.00
     1024        109.55           3.286       311.6       0.00
     4096        175.17           5.255       779.4       0.02
    16384        697.62          20.928       782.9       0.07
    65536       3891.56         116.747       561.4       0.26
   262144      15338.86         460.166       569.7       1.05
  1048576      61135.67        1834.070       571.7       4.10

--- torch.compile (Inductor), 25 integration steps per call ---
     sets   us per step  s per set-unit      sets/s   peak GiB
       64          6.87           0.206       310.5       0.00
     1024          6.99           0.210      4882.5       0.01
     4096          7.14           0.214     19122.2       0.02
    16384         16.79           0.504     32532.9       0.05
    65536         63.67           1.910     34308.2       0.17
   262144        254.94           7.648     34275.1       0.67
  1048576       1016.38          30.492     34389.1       2.60

DONE
