torch 2.10.0+cu128  NVIDIA GeForce RTX 4070 Ti  11.60 GiB
setup and warm-up are OUTSIDE the timed region

--- baseline: the repository's own HH.forward, eager Python loop ---
     sets   us per step  s per set-unit      sets/s   peak GiB
       64        757.86          22.736         2.8       0.00
     1024        785.24          23.557        43.5       0.00
     4096        774.21          23.226       176.4       0.01
    16384        760.77          22.823       717.9       0.04
    65536       1068.59          32.058      2044.3       0.15
   262144      12950.27         388.508       674.7       0.60
  1048576      57764.83        1732.945       605.1       2.32

--- CUDA graph capture, 25 integration steps per replay ---
     sets   us per step  s per set-unit      sets/s   peak GiB
       64         54.95           1.648        38.8       0.00
     1024         58.24           1.747       586.1       0.00
     4096         75.75           2.272      1802.5       0.02
    16384        186.77           5.603      2924.1       0.07
    65536        948.43          28.453      2303.3       0.26
   262144      12205.90         366.177       715.9       1.05
  1048576      55153.67        1654.610       633.7       4.10

--- torch.compile (Inductor), 25 integration steps per call ---
     sets   us per step  s per set-unit      sets/s   peak GiB
       64          5.04           0.151       423.1       0.05
     1024          5.31           0.159      6429.9       0.05
     4096          5.16           0.155     26472.9       0.06
    16384          5.10           0.153    107012.9       0.10
    65536         34.79           1.044     62798.1       0.26
   262144        139.13           4.174     62805.5       0.78
  1048576        553.01          16.590     63204.6       2.64

DONE
