torch 2.10.0+cu128  NVIDIA GeForce RTX 4070 Ti  11.62 GiB
setup and warm-up are OUTSIDE the timed region

--- baseline: the repository's own HH.forward, eager Python loop ---
     sets   us per step  s per set-unit      sets/s   peak GiB
       64        789.73          23.692         2.7       0.00
     1024        824.09          24.723        41.4       0.00
     4096        853.16          25.595       160.0       0.01
    16384        785.05          23.552       695.7       0.04
    65536       1062.11          31.863      2056.8       0.15
   262144      12806.84         384.205       682.3       0.60
  1048576      57307.93        1719.238       609.9       2.32

--- CUDA graph capture, 25 integration steps per replay ---
     sets   us per step  s per set-unit      sets/s   peak GiB
       64         54.99           1.650        38.8       0.00
     1024         62.59           1.878       545.4       0.00
     4096         81.36           2.441      1678.2       0.02
    16384        194.41           5.832      2809.1       0.07
    65536        948.79          28.464      2302.4       0.26
   262144      12017.91         360.537       727.1       1.05
  1048576      54725.49        1641.765       638.7       4.10

--- torch.compile (Inductor), 25 integration steps per call ---
     sets   us per step  s per set-unit      sets/s   peak GiB
       64          5.54           0.166       385.2       0.00
     1024          5.35           0.161      6376.5       0.00
     4096          5.76           0.173     23701.2       0.01
    16384          5.28           0.158    103496.4       0.04
    65536         34.56           1.037     63212.9       0.16
   262144        138.62           4.159     63037.4       0.67
  1048576        549.22          16.477     63640.5       2.60

DONE
