torch 2.10.0+cu128  NVIDIA GeForce RTX 4070 Ti  11.62 GiB
setup and warm-up are OUTSIDE the timed region

--- baseline: the repository's own HH.forward, eager Python loop ---
     sets   us per step  s per set-unit      sets/s   peak GiB
       64        780.00          23.400         2.7       0.00
     1024        799.39          23.982        42.7       0.00
     4096        777.81          23.334       175.5       0.01
    16384        770.36          23.111       708.9       0.04
    65536       1067.81          32.034      2045.8       0.15
   262144      12807.18         384.215       682.3       0.60
  1048576      57309.37        1719.281       609.9       2.32

--- CUDA graph capture, 25 integration steps per replay ---
     sets   us per step  s per set-unit      sets/s   peak GiB
       64         57.42           1.723        37.2       0.00
     1024         62.61           1.878       545.2       0.00
     4096         81.15           2.434      1682.5       0.02
    16384        195.74           5.872      2790.1       0.07
    65536        950.78          28.523      2297.6       0.26
   262144      12018.05         360.541       727.1       1.05
  1048576      54735.44        1642.063       638.6       4.10

--- torch.compile (Inductor), 25 integration steps per call ---
     sets   us per step  s per set-unit      sets/s   peak GiB
       64          5.59           0.168       381.4       0.00
     1024          5.62           0.169      6075.2       0.00
     4096          5.67           0.170     24059.7       0.01
    16384          5.20           0.156    104925.9       0.04
    65536         34.55           1.037     63220.1       0.16
   262144        138.60           4.158     63044.1       0.67
  1048576        549.28          16.478     63633.1       2.60

DONE
