torch 2.10.0+cu128  NVIDIA GeForce RTX 4070 Ti  11.62 GiB
setup and warm-up are OUTSIDE the timed region

--- baseline: the repository's own HH.forward, eager Python loop ---
     sets   us per step  s per set-unit      sets/s   peak GiB
       64        778.58          23.357         2.7       0.00
     1024        769.45          23.084        44.4       0.00
     4096        774.59          23.238       176.3       0.01
    16384        768.11          23.043       711.0       0.04
    65536       1064.14          31.924      2052.9       0.15
   262144      12806.70         384.201       682.3       0.60
  1048576      57305.71        1719.171       609.9       2.32

--- CUDA graph capture, 25 integration steps per replay ---
     sets   us per step  s per set-unit      sets/s   peak GiB
       64         58.15           1.744        36.7       0.00
     1024         62.52           1.876       545.9       0.00
     4096         81.33           2.440      1678.8       0.02
    16384        194.66           5.840      2805.6       0.07
    65536        947.34          28.420      2306.0       0.26
   262144      12017.97         360.539       727.1       1.05
  1048576      54739.58        1642.187       638.5       4.10

--- torch.compile (Inductor), 25 integration steps per call ---
     sets   us per step  s per set-unit      sets/s   peak GiB
       64          5.10           0.153       418.6       0.05
     1024          5.35           0.160      6385.6       0.05
     4096          5.42           0.162     25210.9       0.06
    16384          5.44           0.163    100443.4       0.10
    65536         34.47           1.034     63379.7       0.26
   262144        138.48           4.155     63098.1       0.78
  1048576        549.12          16.474     63651.4       2.64

DONE
